PepNovo+, Build 20081230
Copyright 2008, The Regents of the University of California. All Rights Reserved.
Created by Ari Frank (arf@cs.ucsd.edu)

Initializing models (this might take a few seconds)... Done.
Fragment tolerance : 0.5000
PM tolernace       : 2.5000
PTMs considered    : K+42:Y+42

*** Warning: searching with unmodified cystine, usually the PTM C+57 should be included ***

>> 0 0 747.761901855469_1510.5732421875_spectrum=2374 (SQS 0.0029)
#Index	RnkScr	PnvScr	N-Gap	C-Gap	[M+H]	Charge	Sequence
0	-1.412	21.144	709.765	0.000	1492.873	2	ADYGVTR
1	-1.483	18.239	695.185	0.000	1493.876	2	SDYGVTR
2	-1.533	17.290	631.749	0.000	1492.873	2	YTYGVTR
3	-1.811	21.065	709.765	0.000	1492.873	2	ADYGVEK
4	-1.898	17.210	631.749	0.000	1492.873	2	YTYGVEK
5	-2.063	18.160	695.185	0.000	1493.876	2	SDYGVEK
6	-2.069	16.777	518.389	0.000	1492.873	2	LYTFFQR
7	-2.174	16.805	518.389	0.000	1492.873	2	LYTFQFR
8	-2.325	20.568	622.761	0.000	1492.873	2	SADYGVTR
9	-2.535	19.315	676.464	0.000	1493.876	2	GKLTKDR
10	-2.907	20.489	622.761	0.000	1492.873	2	SADYGVEK
11	-2.955	21.261	518.389	0.000	1492.873	2	LYTYGVTR
12	-3.028	20.156	601.034	0.000	1493.489	2	LFLTKDR
13	-3.258	20.168	601.034	0.000	1493.489	2	FLLTKDR
14	-3.316	19.471	676.464	0.000	1493.876	2	KGLTKDR
15	-3.688	19.054	601.034	0.000	1493.489	2	LFLTDKR
16	-3.764	21.181	518.389	0.000	1492.873	2	LYTYGVEK
17	-3.803	19.066	601.034	0.000	1493.489	2	FLLTDKR
18	-3.960	20.895	417.130	0.000	1492.873	2	TLYTYGVTR
19	-4.050	18.213	676.464	0.000	1493.876	2	GKLTDKR


>> 0 1 549.856262207031_1530.11535644531_spectrum=2375 (SQS 0.033)
#Index	RnkScr	PnvScr	N-Gap	C-Gap	[M+H]	Charge	Sequence
0	-1.064	35.798	293.133	0.000	1647.358	3	VDAEPLTVQLLR
1	-1.096	36.008	293.133	0.000	1647.358	3	VDAEPLTQVLLR
2	-1.157	35.769	293.133	0.000	1647.358	3	VTTLPLTQVLLR
3	-1.762	37.751	293.133	0.000	1647.358	3	VTDVFDHFVFK
4	-1.819	38.140	293.133	0.000	1647.358	3	VTDVFDFHVFK
5	-1.820	38.014	293.133	0.000	1647.358	3	VTDVDFFHVFK
6	-1.839	38.358	293.133	0.000	1647.358	3	VADEFDHFVFK
7	-1.885	37.593	0.000	0.000	1647.358	3	RHVTLTPLTNLLLR
8	-1.893	35.772	293.133	0.000	1647.358	3	VDAELPTVQLLR
9	-1.897	37.560	293.133	0.000	1648.365	3	VDHLPLAPLLLR
10	-1.914	37.783	293.133	0.000	1647.358	3	VTDVDFHFVFK
11	-1.931	37.811	293.133	0.000	1647.358	3	VTLTFDHFVFK
12	-1.979	36.958	293.133	0.000	1648.365	3	VDHLPLALPLLR
13	-1.981	37.563	293.133	0.000	1647.358	3	VSVEFDHFVFK
14	-2.015	36.544	293.133	0.000	1648.365	3	VDHLPALLPLLR
15	-2.031	38.600	293.133	0.000	1647.358	3	VDAEDFHFVFK
16	-2.037	37.915	293.133	0.000	1647.358	3	VEGEFDHFVFK
17	-2.056	37.843	293.133	0.000	1647.358	3	VGEEFDHFVFK
18	-2.069	37.695	293.133	0.000	1647.358	3	VTVDFDHFVFK
19	-2.089	38.084	293.133	0.000	1647.358	3	VTVDFDFHVFK

>> 0 2 358.174530029297_1533.16589355469_spectrum=2376 (SQS 0.751)
#Index	RnkScr	PnvScr	N-Gap	C-Gap	[M+H]	Charge	Sequence
0	3.381	80.692	284.133	0.000	1072.804	3	NVAEVEK
1	3.173	79.405	287.174	0.000	1072.804	3	PLAEVEK
2	1.815	83.962	261.341	0.000	1072.804	3	HVAEVEK
3	1.706	77.560	284.133	0.000	1072.804	3	NVAELDK
4	0.954	87.222	114.063	0.000	1072.804	3	FHVAEVEK
5	0.929	81.535	270.207	0.000	1073.523	3	DLAEVEK
6	0.750	78.676	261.341	0.000	1072.804	3	HVAEEVK
7	0.701	85.516	270.842	0.000	1072.804	3	LLAEVEK
8	0.689	79.413	270.207	0.000	1073.523	3	EVAEVEK
9	0.650	79.464	270.207	0.000	1073.523	3	VEAEVEK
10	0.570	81.515	270.207	0.000	1073.523	3	LDAEVEK
11	0.307	79.253	114.063	0.000	1072.804	3	GVQVAEVEK
12	0.269	100.676	0.000	0.000	1072.804	3	NFHVAEVEK
13	0.115	77.600	114.063	0.000	1072.804	3	FVHAEVEK
14	0.110	85.384	0.000	0.000	1072.804	3	HFNVAEVEK
15	0.052	79.377	287.174	0.000	1072.804	3	LPAEVEK
16	0.009	81.936	114.063	0.000	1072.804	3	FHVAEEVK
17	-0.096	84.983	0.000	0.000	1072.804	3	FHNVAEVEK
18	-0.140	81.716	0.000	0.000	1072.804	3	TGEPLAEVEK
19	-0.227	78.012	266.693	0.000	1072.804	3	ETAEVEK


>> 0 3 1111_2222
#Index	RnkScr	PnvScr	N-Gap	C-Gap	[M+H]	Charge	Sequence
0	9.888	109.029	0.000	0.000	873.621	2	VKEAMAPK
1	9.236	97.953	99.281	0.000	873.621	2	KEAMAPK
2	8.872	95.284	0.000	0.000	873.621	2	VKEMAAPK
3	8.720	95.559	99.281	0.000	873.621	2	KESDAPK
4	8.640	106.635	0.000	0.000	873.621	2	VKESDAPK
5	8.472	98.366	99.281	0.000	873.621	2	QEAMAPK
6	8.383	94.479	99.281	0.000	873.621	2	KSLMAPK
7	8.348	92.526	0.000	0.000	873.621	2	VKSSDLPK
8	8.321	110.062	0.000	0.000	873.621	2	VKSMALPK
9	8.258	114.657	0.000	0.000	873.621	2	VKSMLAPK
10	8.211	80.165	127.731	0.000	873.031	2	VEAMAPK
11	8.045	92.633	0.000	0.000	873.621	2	GK+42EAMAPK
12	8.032	95.220	0.000	0.000	873.621	2	AGVEAMAPK
13	7.994	87.907	0.000	0.000	873.621	2	VKEATTPK
14	7.951	93.127	0.000	0.000	873.621	2	NLEAMAPK
15	7.918	98.986	99.281	0.000	873.621	2	KSMALPK
16	7.900	94.642	0.000	0.000	873.621	2	VKECVAPK
17	7.871	105.116	0.000	0.000	873.621	2	VKETTAPK
18	7.719	95.971	99.281	0.000	873.621	2	QESDAPK
19	7.632	103.581	99.281	0.000	873.621	2	KSMLAPK
